// Jest Snapshot v1, https://goo.gl/fbAQLP

exports[`EmptyView Tests should match snapshot 1`] = `
<View
  style={
    Array [
      Object {
        "flexDirection": "row",
      },
      Object {
        "alignItems": "center",
        "backgroundColor": "rgba(255,255,255,.5)",
        "flex": 1,
        "justifyContent": "center",
      },
    ]
  }
>
  <Text>
    no item
  </Text>
</View>
`;
